[3.486s] DEBUG:colcon:Command line arguments: ['/usr/bin/colcon', 'build', '--packages-select', 'nav']
[3.486s] DEBUG:colcon:Parsed command line arguments: Namespace(allow_overriding=[], ament_cmake_args=None, base_paths=['.'], build_base='build', catkin_cmake_args=None, catkin_skip_building_tests=False, cmake_args=None, cmake_clean_cache=False, cmake_clean_first=False, cmake_force_configure=False, cmake_target=None, cmake_target_skip_unavailable=False, continue_on_error=False, event_handlers=None, executor='parallel', ignore_user_meta=False, install_base='install', log_base=None, log_level=None, main=<bound method BuildVerb.main of <colcon_core.verb.build.BuildVerb object at 0xffffabc12c40>>, merge_install=False, metas=['./colcon.meta'], packages_above=None, packages_above_and_dependencies=None, packages_above_depth=None, packages_end=None, packages_ignore=None, packages_ignore_regex=None, packages_select=['nav'], packages_select_build_failed=False, packages_select_by_dep=None, packages_select_regex=None, packages_select_test_failures=False, packages_skip=None, packages_skip_build_finished=False, packages_skip_by_dep=None, packages_skip_regex=None, packages_skip_test_passed=False, packages_skip_up_to=None, packages_start=None, packages_up_to=None, packages_up_to_regex=None, parallel_workers=8, paths=None, symlink_install=False, test_result_base=None, verb_extension=<colcon_core.verb.build.BuildVerb object at 0xffffabc12c40>, verb_name='build', verb_parser=<colcon_defaults.argument_parser.defaults.DefaultArgumentsDecorator object at 0xffffabb8d1c0>)
[3.672s] Level 1:colcon.colcon_core.package_discovery:discover_packages(colcon_meta) check parameters
[3.673s] Level 1:colcon.colcon_core.package_discovery:discover_packages(recursive) check parameters
[3.673s] Level 1:colcon.colcon_core.package_discovery:discover_packages(ignore) check parameters
[3.673s] Level 1:colcon.colcon_core.package_discovery:discover_packages(path) check parameters
[3.673s] Level 1:colcon.colcon_core.package_discovery:discover_packages(colcon_meta) discover
[3.673s] Level 1:colcon.colcon_core.package_discovery:discover_packages(recursive) discover
[3.673s] INFO:colcon.colcon_core.package_discovery:Crawling recursively for packages in '/home/unitree/unitree/nav/src/nav/nav_stubbing'
[3.673s] Level 1:colcon.colcon_core.package_identification:_identify(.) by extensions ['ignore', 'ignore_ament_install']
[3.673s] Level 1:colcon.colcon_core.package_identification:_identify(.) by extension 'ignore'
[3.673s] Level 1:colcon.colcon_core.package_identification:_identify(.) by extension 'ignore_ament_install'
[3.674s] Level 1:colcon.colcon_core.package_identification:_identify(.) by extensions ['colcon_pkg']
[3.674s] Level 1:colcon.colcon_core.package_identification:_identify(.) by extension 'colcon_pkg'
[3.674s] Level 1:colcon.colcon_core.package_identification:_identify(.) by extensions ['colcon_meta']
[3.674s] Level 1:colcon.colcon_core.package_identification:_identify(.) by extension 'colcon_meta'
[3.674s] Level 1:colcon.colcon_core.package_identification:_identify(.) by extensions ['ros']
[3.674s] Level 1:colcon.colcon_core.package_identification:_identify(.) by extension 'ros'
[3.695s] Level 1:colcon.colcon_core.package_identification:_identify(.) by extensions ['cmake', 'python']
[3.695s] Level 1:colcon.colcon_core.package_identification:_identify(.) by extension 'cmake'
[3.695s] Level 1:colcon.colcon_core.package_identification:_identify(.) by extension 'python'
[3.695s] Level 1:colcon.colcon_core.package_identification:_identify(.) by extensions ['python_setup_py']
[3.696s] Level 1:colcon.colcon_core.package_identification:_identify(.) by extension 'python_setup_py'
[3.696s] Level 1:colcon.colcon_core.package_identification:_identify(build) by extensions ['ignore', 'ignore_ament_install']
[3.696s] Level 1:colcon.colcon_core.package_identification:_identify(build) by extension 'ignore'
[3.696s] Level 1:colcon.colcon_core.package_identification:_identify(build) ignored
[3.696s] Level 1:colcon.colcon_core.package_identification:_identify(install) by extensions ['ignore', 'ignore_ament_install']
[3.696s] Level 1:colcon.colcon_core.package_identification:_identify(install) by extension 'ignore'
[3.696s] Level 1:colcon.colcon_core.package_identification:_identify(install) ignored
[3.697s] Level 1:colcon.colcon_core.package_identification:_identify(log) by extensions ['ignore', 'ignore_ament_install']
[3.697s] Level 1:colcon.colcon_core.package_identification:_identify(log) by extension 'ignore'
[3.697s] Level 1:colcon.colcon_core.package_identification:_identify(log) ignored
[3.697s] Level 1:colcon.colcon_core.package_discovery:discover_packages(recursive) using defaults
[3.697s] Level 1:colcon.colcon_core.package_discovery:discover_packages(ignore) discover
[3.697s] Level 1:colcon.colcon_core.package_discovery:discover_packages(ignore) using defaults
[3.697s] Level 1:colcon.colcon_core.package_discovery:discover_packages(path) discover
[3.697s] Level 1:colcon.colcon_core.package_discovery:discover_packages(path) using defaults
[3.759s] WARNING:colcon.colcon_core.package_selection:ignoring unknown package 'nav' in --packages-select
[4.022s] Level 1:colcon.colcon_core.package_discovery:discover_packages(prefix_path) check parameters
[4.022s] Level 1:colcon.colcon_core.package_discovery:discover_packages(prefix_path) discover
[4.142s] DEBUG:colcon.colcon_installed_package_information.package_discovery:Found 2 installed packages in /home/unitree/cyclonedds_ws/install
[4.202s] DEBUG:colcon.colcon_installed_package_information.package_discovery:Found 291 installed packages in /opt/ros/foxy
[4.204s] Level 1:colcon.colcon_core.package_discovery:discover_packages(prefix_path) using defaults
[4.470s] INFO:colcon.colcon_core.executor:Executing jobs using 'parallel' executor
[4.530s] DEBUG:colcon.colcon_parallel_executor.executor.parallel:run_until_complete
[4.530s] DEBUG:colcon.colcon_parallel_executor.executor.parallel:closing loop
[4.531s] DEBUG:colcon.colcon_parallel_executor.executor.parallel:loop closed
[4.531s] DEBUG:colcon.colcon_parallel_executor.executor.parallel:run_until_complete finished with '0'
[4.531s] DEBUG:colcon.colcon_core.event_reactor:joining thread
[4.599s] INFO:colcon.colcon_core.plugin_system:Skipping extension 'colcon_notification.desktop_notification.terminal_notifier': Not used on non-Darwin systems
[4.600s] INFO:colcon.colcon_core.plugin_system:Skipping extension 'colcon_notification.desktop_notification.win32': Not used on non-Windows systems
[4.600s] INFO:colcon.colcon_notification.desktop_notification:Sending desktop notification using 'notify2'
[4.623s] DEBUG:colcon.colcon_notification.desktop_notification.notify2:Failed to initialize notify2: org.freedesktop.DBus.Error.Spawn.ChildExited: Process org.freedesktop.Notifications exited with status 1
[4.624s] DEBUG:colcon.colcon_core.event_reactor:joined thread
[4.691s] INFO:colcon.colcon_core.plugin_system:Skipping extension 'colcon_core.shell.bat': Not used on non-Windows systems
[4.692s] INFO:colcon.colcon_core.shell:Creating prefix script '/home/unitree/unitree/nav/src/nav/nav_stubbing/install/local_setup.ps1'
[4.694s] INFO:colcon.colcon_core.shell:Creating prefix util module '/home/unitree/unitree/nav/src/nav/nav_stubbing/install/_local_setup_util_ps1.py'
[4.696s] INFO:colcon.colcon_core.shell:Creating prefix chain script '/home/unitree/unitree/nav/src/nav/nav_stubbing/install/setup.ps1'
[4.756s] INFO:colcon.colcon_core.shell:Creating prefix script '/home/unitree/unitree/nav/src/nav/nav_stubbing/install/local_setup.sh'
[4.757s] INFO:colcon.colcon_core.shell:Creating prefix util module '/home/unitree/unitree/nav/src/nav/nav_stubbing/install/_local_setup_util_sh.py'
[4.758s] INFO:colcon.colcon_core.shell:Creating prefix chain script '/home/unitree/unitree/nav/src/nav/nav_stubbing/install/setup.sh'
[4.819s] INFO:colcon.colcon_core.shell:Creating prefix script '/home/unitree/unitree/nav/src/nav/nav_stubbing/install/local_setup.bash'
[4.820s] INFO:colcon.colcon_core.shell:Creating prefix chain script '/home/unitree/unitree/nav/src/nav/nav_stubbing/install/setup.bash'
[4.880s] INFO:colcon.colcon_core.shell:Creating prefix script '/home/unitree/unitree/nav/src/nav/nav_stubbing/install/local_setup.zsh'
[4.881s] INFO:colcon.colcon_core.shell:Creating prefix chain script '/home/unitree/unitree/nav/src/nav/nav_stubbing/install/setup.zsh'
